(
    [
        00000 | EmitRaw("{\n  \"name\": \"World\"\n}\n---\nStrings:\n")  [line 1],
        00001 | LoadConst("to")  [line 6],
        00002 | Lookup("name"),
        00003 | Add,
        00004 | LoadConst("you"),
        00005 | Add,
        00006 | Emit,
        00007 | EmitRaw("!\n"),
        00008 | LoadConst("to")  [line 7],
        00009 | LoadConst("you"),
        00010 | Add,
        00011 | Emit,
        00012 | EmitRaw("!\n\nAdding:\n"),
        00013 | LoadConst(1)  [line 10],
        00014 | LoadConst(2),
        00015 | Add,
        00016 | Emit,
        00017 | EmitRaw("\n\nMinus:\n"),
        00018 | LoadConst(2)  [line 13],
        00019 | LoadConst(1),
        00020 | Add,
        00021 | Emit,
        00022 | EmitRaw("\n\nDivide:\n"),
        00023 | LoadConst(100)  [line 16],
        00024 | LoadConst(2),
        00025 | Div,
        00026 | Emit,
    ],
    {},
)
