(
    [
        00000 | EmitRaw("{\n  \"unsafe\": \"<foo>\"\n}\n---\n")  [line 1],
        00001 | Lookup("unsafe")  [line 5],
        00002 | Emit,
        00003 | EmitRaw("\n"),
        00004 | LoadConst(true)  [line 6],
        00005 | PushAutoEscape,
        00006 | Lookup("unsafe"),
        00007 | Emit,
        00008 | PopAutoEscape,
        00009 | EmitRaw("\n"),
        00010 | LoadConst(false)  [line 7],
        00011 | PushAutoEscape,
        00012 | Lookup("unsafe"),
        00013 | Emit,
        00014 | PopAutoEscape,
        00015 | EmitRaw("\n"),
        00016 | LoadConst("html")  [line 8],
        00017 | PushAutoEscape,
        00018 | Lookup("unsafe"),
        00019 | Emit,
        00020 | PopAutoEscape,
        00021 | EmitRaw("\n"),
        00022 | LoadConst("none")  [line 9],
        00023 | PushAutoEscape,
        00024 | Lookup("unsafe"),
        00025 | Emit,
        00026 | PopAutoEscape,
    ],
    {},
)
