(
    [
        00000 | EmitRaw("{\n  \"template\": \"simple_layout.txt\"\n}\n---\n")  [line 1],
        00001 | Lookup("template")  [line 5],
        00002 | LoadBlocks,
        00003 | EmitRaw("\n"),
        00004 | CallBlock("title")  [line 6],
        00005 | EmitRaw("\n"),
        00006 | CallBlock("body")  [line 7],
    ],
    {
        "body": [
            00000 | CallFunction("super", 0)  [line 7],
            00001 | ApplyFilter("upper", 1, 0),
            00002 | Emit,
        ],
        "title": [
            00000 | EmitRaw("[")  [line 6],
            00001 | FastSuper,
            00002 | EmitRaw("]"),
        ],
    },
)
