(
    [
        00000 | EmitRaw("{\n  \"var\": \"foo\"\n}\n---\n")  [line 1],
        00001 | LoadConst("super_with_html.html")  [line 5],
        00002 | LoadBlocks,
        00003 | EmitRaw("\n"),
        00004 | CallBlock("body")  [line 9],
    ],
    {
        "body": [
            00000 | EmitRaw("\n  <p>New Content</p>\n  ")  [line 6],
            00001 | FastSuper  [line 8],
            00002 | EmitRaw("\n  "),
            00003 | CallFunction("super", 0)  [line 9],
            00004 | ApplyFilter("upper", 1, 0),
            00005 | Emit,
            00006 | EmitRaw("\n"),
        ],
    },
)
