(
    [
        00000 | EmitRaw("{\n  \"upper\": 10\n}\n---\n")  [line 1],
        00001 | PushWith  [line 5],
        00002 | Lookup("range"),
        00003 | StoreLocal("f"),
        00004 | Lookup("upper"),
        00005 | CallFunction("f", 1),
        00006 | PushLoop(1),
        00007 | Iterate(14),
        00008 | StoreLocal("x"),
        00009 | EmitRaw("["),
        00010 | Lookup("x"),
        00011 | Emit,
        00012 | EmitRaw("]"),
        00013 | Jump(7),
        00014 | PopFrame,
        00015 | PopFrame,
        00016 | EmitRaw("\n"),
        00017 | LoadConst({"a": 1, "b": 2, "c": 3})  [line 6],
        00018 | CallFunction("dict", 1),
        00019 | ApplyFilter("dictsort", 1, 0),
        00020 | PushLoop(1),
        00021 | Iterate(33),
        00022 | UnpackList(2),
        00023 | StoreLocal("k"),
        00024 | StoreLocal("v"),
        00025 | EmitRaw("["),
        00026 | Lookup("k"),
        00027 | Emit,
        00028 | EmitRaw(":"),
        00029 | Lookup("v"),
        00030 | Emit,
        00031 | EmitRaw("]"),
        00032 | Jump(21),
        00033 | PopFrame,
    ],
    {},
)
