(
    [
        00000 | EmitRaw("{\"seq\": [1, 2, 3]}\n---\n")  [line 1],
        00001 | Lookup("seq")  [line 3],
        00002 | PushLoop(1),
        00003 | Iterate(20),
        00004 | StoreLocal("item"),
        00005 | EmitRaw("\n  "),
        00006 | Lookup("item")  [line 4],
        00007 | LoadConst(4),
        00008 | Add,
        00009 | LoadConst(3),
        00010 | LoadConst([]),
        00011 | Sub,
        00012 | Mul,
        00013 | LoadConst(4),
        00014 | Add,
        00015 | LoadConst(2),
        00016 | Sub,
        00017 | Emit,
        00018 | EmitRaw("\n"),
        00019 | Jump(3),
        00020 | PopFrame,
    ],
    {},
)
