(
    [
        00000 | EmitRaw("{}\n---\n")  [line 1],
        00001 | LoadConst("simple_layout.txt")  [line 3],
        00002 | LoadBlocks,
        00003 | EmitRaw("\n"),
        00004 | CallBlock("title")  [line 4],
    ],
    {
        "title": [
            00000 | CallFunction("missing_function", 0)  [line 4],
            00001 | Emit,
        ],
    },
)
