(
    [
        00000 | EmitRaw("{}\n---\n")  [line 1],
        00001 | Jump(12)  [line 3],
        00002 | StoreLocal("b"),
        00003 | StoreLocal("a"),
        00004 | EmitRaw("\n  "),
        00005 | Lookup("a")  [line 4],
        00006 | Emit,
        00007 | EmitRaw(" and "),
        00008 | Lookup("b"),
        00009 | Emit,
        00010 | EmitRaw("\n"),
        00011 | Return,
        00012 | GetClosure,
        00013 | LoadConst(["a", "b"]),
        00014 | BuildMacro("two_args", 2, 0),
        00015 | StoreLocal("two_args"),
        00016 | EmitRaw("\n")  [line 5],
        00017 | LoadConst({"c": 42, "d": 23})  [line 6],
        00018 | CallFunction("two_args", 1),
        00019 | Emit,
    ],
    {},
)
