(
    [
        00000 | EmitRaw("{\n  \"word\": \"Bird\",\n  \"word_with_spaces\": \" Spacebird\\n\",\n  \"three_words\": \"bird and dinosaur\",\n  \"list\": [\n    1,\n    2,\n    3\n  ],\n  \"objects\": [\n    {\"name\": \"b\"},\n    {\"name\": \"a\"}\n  ],\n  \"other_list\": [1, 4, 2, 9, 111],\n  \"map\": {\n    \"a\": \"b\",\n    \"c\": \"d\"\n  },\n  \"scary_html\": \"<>&'\"\n}\n---\nlower: ")  [line 1],
        00001 | Lookup("word")  [line 22],
        00002 | ApplyFilter("lower", 1, 0),
        00003 | Emit,
        00004 | EmitRaw("\nupper: "),
        00005 | Lookup("word")  [line 23],
        00006 | ApplyFilter("upper", 1, 1),
        00007 | Emit,
        00008 | EmitRaw("\ntitle: "),
        00009 | Lookup("word")  [line 24],
        00010 | ApplyFilter("title", 1, 2),
        00011 | Emit,
        00012 | EmitRaw("\ntitle-sentence: "),
        00013 | LoadConst("the bIrd, is The:word")  [line 25],
        00014 | ApplyFilter("title", 1, 2),
        00015 | Emit,
        00016 | EmitRaw("\ntitle-three-words: "),
        00017 | Lookup("three_words")  [line 26],
        00018 | ApplyFilter("title", 1, 2),
        00019 | Emit,
        00020 | EmitRaw("\ncapitalize: "),
        00021 | Lookup("word")  [line 27],
        00022 | ApplyFilter("capitalize", 1, 3),
        00023 | Emit,
        00024 | EmitRaw("\ncapitalize-three-words: "),
        00025 | Lookup("three_words")  [line 28],
        00026 | ApplyFilter("capitalize", 1, 3),
        00027 | Emit,
        00028 | EmitRaw("\nreplace: "),
        00029 | Lookup("word")  [line 29],
        00030 | LoadConst("B"),
        00031 | LoadConst("th"),
        00032 | ApplyFilter("replace", 3, 4),
        00033 | Emit,
        00034 | EmitRaw("\nescape: "),
        00035 | LoadConst("<")  [line 30],
        00036 | ApplyFilter("escape", 1, 5),
        00037 | Emit,
        00038 | EmitRaw("\ne: "),
        00039 | LoadConst("<")  [line 31],
        00040 | ApplyFilter("e", 1, 6),
        00041 | Emit,
        00042 | EmitRaw("\ndouble-escape: "),
        00043 | LoadConst("<")  [line 32],
        00044 | ApplyFilter("escape", 1, 5),
        00045 | ApplyFilter("escape", 1, 5),
        00046 | Emit,
        00047 | EmitRaw("\nsafe: "),
        00048 | LoadConst("<")  [line 33],
        00049 | ApplyFilter("safe", 1, 7),
        00050 | ApplyFilter("escape", 1, 5),
        00051 | Emit,
        00052 | EmitRaw("\nlist-length: "),
        00053 | Lookup("list")  [line 34],
        00054 | ApplyFilter("length", 1, 8),
        00055 | Emit,
        00056 | EmitRaw("\nlist-from-list: "),
        00057 | Lookup("list")  [line 35],
        00058 | ApplyFilter("list", 1, 9),
        00059 | Emit,
        00060 | EmitRaw("\nlist-from-map: "),
        00061 | Lookup("map")  [line 36],
        00062 | ApplyFilter("list", 1, 9),
        00063 | Emit,
        00064 | EmitRaw("\nlist-from-word: "),
        00065 | Lookup("word")  [line 37],
        00066 | ApplyFilter("list", 1, 9),
        00067 | Emit,
        00068 | EmitRaw("\nlist-from-undefined: "),
        00069 | Lookup("undefined")  [line 38],
        00070 | ApplyFilter("list", 1, 9),
        00071 | Emit,
        00072 | EmitRaw("\nbool-empty-string: "),
        00073 | LoadConst("")  [line 39],
        00074 | ApplyFilter("bool", 1, 10),
        00075 | Emit,
        00076 | EmitRaw("\nbool-non-empty-string: "),
        00077 | LoadConst("hello")  [line 40],
        00078 | ApplyFilter("bool", 1, 10),
        00079 | Emit,
        00080 | EmitRaw("\nbool-empty-list: "),
        00081 | LoadConst([])  [line 41],
        00082 | ApplyFilter("bool", 1, 10),
        00083 | Emit,
        00084 | EmitRaw("\nbool-non-empty-list: "),
        00085 | LoadConst([42])  [line 42],
        00086 | ApplyFilter("bool", 1, 10),
        00087 | Emit,
        00088 | EmitRaw("\nbool-undefined: "),
        00089 | Lookup("undefined")  [line 43],
        00090 | ApplyFilter("bool", 1, 10),
        00091 | Emit,
        00092 | EmitRaw("\nmap-length: "),
        00093 | Lookup("map")  [line 44],
        00094 | ApplyFilter("length", 1, 8),
        00095 | Emit,
        00096 | EmitRaw("\nstring-length: "),
        00097 | Lookup("word")  [line 45],
        00098 | ApplyFilter("length", 1, 8),
        00099 | Emit,
        00100 | EmitRaw("\nstring-count: "),
        00101 | Lookup("word")  [line 46],
        00102 | ApplyFilter("count", 1, 11),
        00103 | Emit,
        00104 | EmitRaw("\nreverse-list: "),
        00105 | Lookup("list")  [line 47],
        00106 | ApplyFilter("reverse", 1, 12),
        00107 | Emit,
        00108 | EmitRaw("\nreverse-string: "),
        00109 | Lookup("word")  [line 48],
        00110 | ApplyFilter("reverse", 1, 12),
        00111 | Emit,
        00112 | EmitRaw("\ntrim: |"),
        00113 | Lookup("word_with_spaces")  [line 49],
        00114 | ApplyFilter("trim", 1, 13),
        00115 | Emit,
        00116 | EmitRaw("|\ntrim-bird: "),
        00117 | Lookup("word")  [line 50],
        00118 | LoadConst("Bd"),
        00119 | ApplyFilter("trim", 2, 13),
        00120 | Emit,
        00121 | EmitRaw("\njoin-default: "),
        00122 | Lookup("list")  [line 51],
        00123 | ApplyFilter("join", 1, 14),
        00124 | Emit,
        00125 | EmitRaw("\njoin-pipe: "),
        00126 | Lookup("list")  [line 52],
        00127 | LoadConst("|"),
        00128 | ApplyFilter("join", 2, 14),
        00129 | Emit,
        00130 | EmitRaw("\njoin_string: "),
        00131 | Lookup("word")  [line 53],
        00132 | LoadConst("-"),
        00133 | ApplyFilter("join", 2, 14),
        00134 | Emit,
        00135 | EmitRaw("\ndefault: "),
        00136 | Lookup("undefined")  [line 54],
        00137 | ApplyFilter("default", 1, 15),
        00138 | LoadConst(""),
        00139 | Eq,
        00140 | Emit,
        00141 | EmitRaw("\ndefault-value: "),
        00142 | Lookup("undefined")  [line 55],
        00143 | LoadConst(42),
        00144 | ApplyFilter("default", 2, 15),
        00145 | Emit,
        00146 | EmitRaw("\nfirst-list: "),
        00147 | Lookup("list")  [line 56],
        00148 | ApplyFilter("first", 1, 16),
        00149 | Emit,
        00150 | EmitRaw("\nfirst-word: "),
        00151 | Lookup("word")  [line 57],
        00152 | ApplyFilter("first", 1, 16),
        00153 | Emit,
        00154 | EmitRaw("\nfirst-undefined: "),
        00155 | LoadConst([])  [line 58],
        00156 | ApplyFilter("first", 1, 16),
        00157 | PerformTest("undefined", 1, 0),
        00158 | Emit,
        00159 | EmitRaw("\nlast-list: "),
        00160 | Lookup("list")  [line 59],
        00161 | ApplyFilter("last", 1, 17),
        00162 | Emit,
        00163 | EmitRaw("\nlast-word: "),
        00164 | Lookup("word")  [line 60],
        00165 | ApplyFilter("last", 1, 17),
        00166 | Emit,
        00167 | EmitRaw("\nlast-undefined: "),
        00168 | LoadConst([])  [line 61],
        00169 | ApplyFilter("first", 1, 16),
        00170 | PerformTest("undefined", 1, 0),
        00171 | Emit,
        00172 | EmitRaw("\nmin: "),
        00173 | Lookup("other_list")  [line 62],
        00174 | ApplyFilter("min", 1, 18),
        00175 | Emit,
        00176 | EmitRaw("\nmax: "),
        00177 | Lookup("other_list")  [line 63],
        00178 | ApplyFilter("max", 1, 19),
        00179 | Emit,
        00180 | EmitRaw("\nsort: "),
        00181 | Lookup("other_list")  [line 64],
        00182 | ApplyFilter("sort", 1, 20),
        00183 | Emit,
        00184 | EmitRaw("\nsort-reverse: "),
        00185 | Lookup("other_list")  [line 65],
        00186 | LoadConst({"reverse": true}),
        00187 | ApplyFilter("sort", 2, 20),
        00188 | Emit,
        00189 | EmitRaw("\nsort-case-insensitive: "),
        00190 | LoadConst(["B", "a", "C", "z"])  [line 66],
        00191 | ApplyFilter("sort", 1, 20),
        00192 | Emit,
        00193 | EmitRaw("\nsort-case-sensitive: "),
        00194 | LoadConst(["B", "a", "C", "z"])  [line 67],
        00195 | LoadConst({"case_sensitive": true}),
        00196 | ApplyFilter("sort", 2, 20),
        00197 | Emit,
        00198 | EmitRaw("\nsort-case-insensitive-mixed: "),
        00199 | LoadConst([0, 1, "true", "false", "True", "False", true, false])  [line 68],
        00200 | ApplyFilter("sort", 1, 20),
        00201 | Emit,
        00202 | EmitRaw("\nsort-case-sensitive-mixed: "),
        00203 | LoadConst([0, 1, "true", "false", "True", "False", true, false])  [line 69],
        00204 | LoadConst({"case_sensitive": true}),
        00205 | ApplyFilter("sort", 2, 20),
        00206 | Emit,
        00207 | EmitRaw("\nsort-attribute "),
        00208 | Lookup("objects")  [line 70],
        00209 | LoadConst({"attribute": "name"}),
        00210 | ApplyFilter("sort", 2, 20),
        00211 | Emit,
        00212 | EmitRaw("\nd: "),
        00213 | Lookup("undefined")  [line 71],
        00214 | ApplyFilter("d", 1, 21),
        00215 | LoadConst(""),
        00216 | Eq,
        00217 | Emit,
        00218 | EmitRaw("\njson: "),
        00219 | Lookup("map")  [line 72],
        00220 | ApplyFilter("tojson", 1, 22),
        00221 | Emit,
        00222 | EmitRaw("\njson-pretty: "),
        00223 | Lookup("map")  [line 73],
        00224 | LoadConst(true),
        00225 | ApplyFilter("tojson", 2, 22),
        00226 | Emit,
        00227 | EmitRaw("\njson-scary-html: "),
        00228 | Lookup("scary_html")  [line 74],
        00229 | ApplyFilter("tojson", 1, 22),
        00230 | Emit,
        00231 | EmitRaw("\nurlencode: "),
        00232 | LoadConst("hello world/foo-bar_baz.txt")  [line 75],
        00233 | ApplyFilter("urlencode", 1, 23),
        00234 | Emit,
        00235 | EmitRaw("\nurlencode-kv: "),
        00236 | LoadConst({"a": "x y", "b": 2, "c": 3})  [line 76],
        00237 | CallFunction("dict", 1),
        00238 | ApplyFilter("urlencode", 1, 23),
        00239 | Emit,
        00240 | EmitRaw("\nbatch: "),
        00241 | LoadConst(10)  [line 77],
        00242 | CallFunction("range", 1),
        00243 | LoadConst(3),
        00244 | ApplyFilter("batch", 2, 24),
        00245 | Emit,
        00246 | EmitRaw("\nbatch-fill: "),
        00247 | LoadConst(10)  [line 78],
        00248 | CallFunction("range", 1),
        00249 | LoadConst(3),
        00250 | LoadConst("-"),
        00251 | ApplyFilter("batch", 3, 24),
        00252 | Emit,
        00253 | EmitRaw("\nslice: "),
        00254 | LoadConst(10)  [line 79],
        00255 | CallFunction("range", 1),
        00256 | LoadConst(3),
        00257 | ApplyFilter("slice", 2, 25),
        00258 | Emit,
        00259 | EmitRaw("\nslice-fill: "),
        00260 | LoadConst(10)  [line 80],
        00261 | CallFunction("range", 1),
        00262 | LoadConst(3),
        00263 | LoadConst("-"),
        00264 | ApplyFilter("slice", 3, 25),
        00265 | Emit,
        00266 | EmitRaw("\nitems: "),
        00267 | LoadConst({"a": 1})  [line 81],
        00268 | CallFunction("dict", 1),
        00269 | ApplyFilter("items", 1, 26),
        00270 | Emit,
        00271 | EmitRaw("\nindent: "),
        00272 | LoadConst("foo\nbar\nbaz")  [line 82],
        00273 | LoadConst(2),
        00274 | ApplyFilter("indent", 2, 27),
        00275 | ApplyFilter("tojson", 1, 22),
        00276 | Emit,
        00277 | EmitRaw("\nindent-first-line: "),
        00278 | LoadConst("foo\nbar\nbaz")  [line 83],
        00279 | LoadConst(2),
        00280 | LoadConst(true),
        00281 | ApplyFilter("indent", 3, 27),
        00282 | ApplyFilter("tojson", 1, 22),
        00283 | Emit,
        00284 | EmitRaw("\nint-abs: "),
        00285 | LoadConst(-42)  [line 84],
        00286 | ApplyFilter("abs", 1, 28),
        00287 | Emit,
        00288 | EmitRaw("\nfloat-abs: "),
        00289 | LoadConst(-42.5)  [line 85],
        00290 | ApplyFilter("abs", 1, 28),
        00291 | Emit,
        00292 | EmitRaw("\nint-round: "),
        00293 | LoadConst(42)  [line 86],
        00294 | ApplyFilter("round", 1, 29),
        00295 | Emit,
        00296 | EmitRaw("\nfloat-round: "),
        00297 | LoadConst(42.5)  [line 87],
        00298 | ApplyFilter("round", 1, 29),
        00299 | Emit,
        00300 | EmitRaw("\nfloat-round-prec2: "),
        00301 | LoadConst(42.512345)  [line 88],
        00302 | LoadConst(2),
        00303 | ApplyFilter("round", 2, 29),
        00304 | Emit,
        00305 | EmitRaw("\nselect-odd: "),
        00306 | LoadConst([1, 2, 3, 4, 5, 6])  [line 89],
        00307 | LoadConst("odd"),
        00308 | ApplyFilter("select", 2, 30),
        00309 | Emit,
        00310 | EmitRaw("\nselect-truthy: "),
        00311 | Lookup("undefined")  [line 90],
        00312 | Lookup("null"),
        00313 | LoadConst(0),
        00314 | LoadConst(42),
        00315 | LoadConst(23),
        00316 | LoadConst(""),
        00317 | LoadConst("aha"),
        00318 | BuildList(7),
        00319 | ApplyFilter("select", 1, 30),
        00320 | Emit,
        00321 | EmitRaw("\nreject-truthy: "),
        00322 | Lookup("undefined")  [line 91],
        00323 | Lookup("null"),
        00324 | LoadConst(0),
        00325 | LoadConst(42),
        00326 | LoadConst(23),
        00327 | LoadConst(""),
        00328 | LoadConst("aha"),
        00329 | BuildList(7),
        00330 | ApplyFilter("reject", 1, 31),
        00331 | Emit,
        00332 | EmitRaw("\nreject-odd: "),
        00333 | LoadConst([1, 2, 3, 4, 5, 6])  [line 92],
        00334 | LoadConst("odd"),
        00335 | ApplyFilter("reject", 2, 31),
        00336 | Emit,
        00337 | EmitRaw("\nselect-attr: "),
        00338 | LoadConst({"active": true, "key": 1})  [line 93],
        00339 | CallFunction("dict", 1),
        00340 | LoadConst({"active": false, "key": 2}),
        00341 | CallFunction("dict", 1),
        00342 | BuildList(2),
        00343 | LoadConst("active"),
        00344 | ApplyFilter("selectattr", 2, 32),
        00345 | Emit,
        00346 | EmitRaw("\nreject-attr: "),
        00347 | LoadConst({"active": true, "key": 1})  [line 94],
        00348 | CallFunction("dict", 1),
        00349 | LoadConst({"active": false, "key": 2}),
        00350 | CallFunction("dict", 1),
        00351 | BuildList(2),
        00352 | LoadConst("active"),
        00353 | ApplyFilter("rejectattr", 2, 33),
        00354 | Emit,
        00355 | EmitRaw("\nselect-attr: "),
        00356 | LoadConst({"active": true, "key": 1})  [line 95],
        00357 | CallFunction("dict", 1),
        00358 | LoadConst({"active": false, "key": 2}),
        00359 | CallFunction("dict", 1),
        00360 | BuildList(2),
        00361 | LoadConst("key"),
        00362 | LoadConst("even"),
        00363 | ApplyFilter("selectattr", 3, 32),
        00364 | Emit,
        00365 | EmitRaw("\nreject-attr: "),
        00366 | LoadConst({"active": true, "key": 1})  [line 96],
        00367 | CallFunction("dict", 1),
        00368 | LoadConst({"active": false, "key": 2}),
        00369 | CallFunction("dict", 1),
        00370 | BuildList(2),
        00371 | LoadConst("key"),
        00372 | LoadConst("even"),
        00373 | ApplyFilter("rejectattr", 3, 33),
        00374 | Emit,
        00375 | EmitRaw("\nmap-maps: "),
        00376 | LoadConst(-1)  [line 97],
        00377 | LoadConst(-2),
        00378 | LoadConst(3),
        00379 | LoadConst(4),
        00380 | LoadConst(-5),
        00381 | BuildList(5),
        00382 | LoadConst("abs"),
        00383 | ApplyFilter("map", 2, 34),
        00384 | Emit,
        00385 | EmitRaw("\nmap-attr: "),
        00386 | LoadConst({"a": 1})  [line 98],
        00387 | CallFunction("dict", 1),
        00388 | LoadConst({"a": 2}),
        00389 | CallFunction("dict", 1),
        00390 | LoadConst({}),
        00391 | BuildList(3),
        00392 | LoadConst({"attribute": "a", "default": none}),
        00393 | ApplyFilter("map", 2, 34),
        00394 | Emit,
        00395 | EmitRaw("\nmap-attr-undefined: "),
        00396 | LoadConst({"a": 1})  [line 99],
        00397 | CallFunction("dict", 1),
        00398 | LoadConst({"a": 2}),
        00399 | CallFunction("dict", 1),
        00400 | LoadConst({}),
        00401 | BuildList(3),
        00402 | LoadConst("attribute"),
        00403 | LoadConst("a"),
        00404 | LoadConst("default"),
        00405 | Lookup("definitely_undefined"),
        00406 | BuildKwargs(2),
        00407 | ApplyFilter("map", 2, 34),
        00408 | Emit,
        00409 | EmitRaw("\nmap-attr-deep: "),
        00410 | LoadConst("a")  [line 100],
        00411 | LoadConst([1]),
        00412 | BuildKwargs(1),
        00413 | CallFunction("dict", 1),
        00414 | LoadConst("a"),
        00415 | LoadConst([2]),
        00416 | BuildKwargs(1),
        00417 | CallFunction("dict", 1),
        00418 | LoadConst("a"),
        00419 | LoadConst([]),
        00420 | BuildKwargs(1),
        00421 | CallFunction("dict", 1),
        00422 | BuildList(3),
        00423 | LoadConst({"attribute": "a.0", "default": none}),
        00424 | ApplyFilter("map", 2, 34),
        00425 | Emit,
        00426 | EmitRaw("\nmap-attr-int: "),
        00427 | LoadConst([1])  [line 101],
        00428 | LoadConst([1, 2]),
        00429 | BuildList(2),
        00430 | LoadConst({"attribute": 1, "default": 999}),
        00431 | ApplyFilter("map", 2, 34),
        00432 | Emit,
        00433 | EmitRaw("\nattr-filter: "),
        00434 | Lookup("map")  [line 102],
        00435 | LoadConst("a"),
        00436 | ApplyFilter("attr", 2, 35),
        00437 | Emit,
        00438 | EmitRaw("\nunique-filter: "),
        00439 | LoadConst([1, 1, 1, 4, 3, 0, 0, 5])  [line 103],
        00440 | ApplyFilter("unique", 1, 36),
        00441 | Emit,
        00442 | EmitRaw("\npprint-filter: "),
        00443 | Lookup("objects")  [line 104],
        00444 | ApplyFilter("pprint", 1, 37),
        00445 | Emit,
    ],
    {},
)
