(
    [
        00000 | EmitRaw("{\n  \"word\": \"bird\",\n  \"the_sentence\": \"bird is the word\",\n  \"the_words\": [\n    \"bird\",\n    \"not bird\"\n  ],\n  \"the_map\": {\n    \"bird\": \"the word\"\n  }\n}\n---\n")  [line 1],
        00001 | Lookup("word")  [line 13],
        00002 | Lookup("the_sentence"),
        00003 | In,
        00004 | Emit,
        00005 | EmitRaw("\n"),
        00006 | Lookup("word")  [line 14],
        00007 | Lookup("the_words"),
        00008 | In,
        00009 | Emit,
        00010 | EmitRaw("\n"),
        00011 | Lookup("word")  [line 15],
        00012 | Lookup("the_map"),
        00013 | In,
        00014 | Emit,
        00015 | EmitRaw("\n"),
        00016 | Lookup("word")  [line 16],
        00017 | Lookup("the_sentence"),
        00018 | In,
        00019 | Not,
        00020 | Emit,
        00021 | EmitRaw("\n"),
        00022 | Lookup("word")  [line 17],
        00023 | Lookup("the_words"),
        00024 | In,
        00025 | Not,
        00026 | Emit,
        00027 | EmitRaw("\n"),
        00028 | Lookup("word")  [line 18],
        00029 | Lookup("the_map"),
        00030 | In,
        00031 | Not,
        00032 | Emit,
    ],
    {},
)
