<ul class="nav">

  <li><a href=/">Index</a></li>

  <li><a href=/docs">Docs</a><ul>
  <li><a href=/docs/installation">Installation</a><ul>
  <li><a href=/docs/installation/quickstart">Quickstart</a></li>

  <li><a href=/docs/installation/advanced">Advanced</a></li>
</ul></li>

  <li><a href=/docs/faq">FAQ</a></li>
</ul></li>

</ul>

<ul class="nav">

  <li><a href=/">Index</a></li>

  <li><a href=/docs">Docs</a><ul>
  <LI><A HREF=/DOCS/INSTALLATION">INSTALLATION</A><UL>
  <LI><A HREF=/DOCS/INSTALLATION/QUICKSTART">QUICKSTART</A></LI>

  <LI><A HREF=/DOCS/INSTALLATION/ADVANCED">ADVANCED</A></LI>
</UL></LI>

  <LI><A HREF=/DOCS/FAQ">FAQ</A></LI>
</ul></li>

</ul>

