(
    [
        00000 | EmitRaw("{\n  \"seq\": [\n    [\n      1,\n      2,\n      3\n    ],\n    [\n      2,\n      3,\n      4\n    ],\n    [\n      3,\n      4,\n      5\n    ]\n  ]\n}\n---\n<ul>\n")  [line 1],
        00001 | Lookup("seq")  [line 22],
        00002 | PushLoop(1),
        00003 | Iterate(15),
        00004 | UnpackList(2),
        00005 | StoreLocal("a"),
        00006 | StoreLocal("b"),
        00007 | EmitRaw("\n  <li>"),
        00008 | Lookup("a")  [line 23],
        00009 | Emit,
        00010 | EmitRaw(": "),
        00011 | Lookup("b"),
        00012 | Emit,
        00013 | EmitRaw("\n"),
        00014 | Jump(3),
        00015 | PopFrame,
        00016 | EmitRaw("\n</ul>")  [line 24],
    ],
    {},
)
