(
    [
        00000 | EmitRaw("{\n  \"objects\": [\n    {\n      \"val\": 1,\n      \"name\": \"One\"\n    },\n    {\n      \"val\": 2,\n      \"name\": \"Two\"\n    },\n    {\n      \"val\": 3,\n      \"name\": \"Three\"\n    }\n  ]\n}\n---\n")  [line 1],
        00001 | Lookup("objects")  [line 18],
        00002 | LoadConst("val"),
        00003 | LoadConst("=="),
        00004 | LoadConst(2),
        00005 | ApplyFilter("selectattr", 4, 0),
        00006 | LoadConst({"attribute": "name"}),
        00007 | ApplyFilter("map", 2, 1),
        00008 | Emit,
        00009 | EmitRaw("\n"),
        00010 | Lookup("objects")  [line 19],
        00011 | LoadConst("val"),
        00012 | LoadConst("!="),
        00013 | LoadConst(2),
        00014 | ApplyFilter("selectattr", 4, 0),
        00015 | LoadConst({"attribute": "name"}),
        00016 | ApplyFilter("map", 2, 1),
        00017 | Emit,
        00018 | EmitRaw("\n"),
        00019 | Lookup("objects")  [line 20],
        00020 | LoadConst("val"),
        00021 | LoadConst(">"),
        00022 | LoadConst(2),
        00023 | ApplyFilter("selectattr", 4, 0),
        00024 | LoadConst({"attribute": "name"}),
        00025 | ApplyFilter("map", 2, 1),
        00026 | Emit,
        00027 | EmitRaw("\n"),
        00028 | Lookup("objects")  [line 21],
        00029 | LoadConst("val"),
        00030 | LoadConst(">="),
        00031 | LoadConst(2),
        00032 | ApplyFilter("selectattr", 4, 0),
        00033 | LoadConst({"attribute": "name"}),
        00034 | ApplyFilter("map", 2, 1),
        00035 | Emit,
        00036 | EmitRaw("\n"),
        00037 | Lookup("objects")  [line 22],
        00038 | LoadConst("val"),
        00039 | LoadConst("<"),
        00040 | LoadConst(2),
        00041 | ApplyFilter("selectattr", 4, 0),
        00042 | LoadConst({"attribute": "name"}),
        00043 | ApplyFilter("map", 2, 1),
        00044 | Emit,
        00045 | EmitRaw("\n"),
        00046 | Lookup("objects")  [line 23],
        00047 | LoadConst("val"),
        00048 | LoadConst("<="),
        00049 | LoadConst(2),
        00050 | ApplyFilter("selectattr", 4, 0),
        00051 | LoadConst({"attribute": "name"}),
        00052 | ApplyFilter("map", 2, 1),
        00053 | Emit,
        00054 | EmitRaw("\n"),
        00055 | Lookup("objects")  [line 24],
        00056 | LoadConst("val"),
        00057 | LoadConst("in"),
        00058 | LoadConst([1, 3]),
        00059 | ApplyFilter("selectattr", 4, 0),
        00060 | LoadConst({"attribute": "name"}),
        00061 | ApplyFilter("map", 2, 1),
        00062 | Emit,
    ],
    {},
)
