(
    [
        00000 | EmitRaw("{\n  \"foo\": \"root value\"\n}\n---\nBasic:\n")  [line 1],
        00001 | Lookup("foo")  [line 6],
        00002 | Emit,
        00003 | EmitRaw("\n"),
        00004 | LoadConst("new value")  [line 7],
        00005 | StoreLocal("foo"),
        00006 | EmitRaw("\n"),
        00007 | Lookup("foo")  [line 8],
        00008 | Emit,
        00009 | EmitRaw("\n"),
        00010 | PushWith  [line 9],
        00011 | EmitRaw("\n  "),
        00012 | LoadConst("new value 2")  [line 10],
        00013 | StoreLocal("foo"),
        00014 | EmitRaw("\n  "),
        00015 | Lookup("foo")  [line 11],
        00016 | Emit,
        00017 | EmitRaw("\n"),
        00018 | PopFrame,
        00019 | EmitRaw("\n")  [line 12],
        00020 | Lookup("foo")  [line 13],
        00021 | Emit,
        00022 | EmitRaw("\n\nInto Loop:\n"),
        00023 | LoadConst([1, 2, 3])  [line 16],
        00024 | PushLoop(1),
        00025 | Iterate(40),
        00026 | StoreLocal("item"),
        00027 | EmitRaw("\n  "),
        00028 | Lookup("item")  [line 17],
        00029 | Emit,
        00030 | EmitRaw("\n  "),
        00031 | Lookup("item")  [line 18],
        00032 | LoadConst(2),
        00033 | Mul,
        00034 | StoreLocal("item"),
        00035 | EmitRaw("\n  "),
        00036 | Lookup("item")  [line 19],
        00037 | Emit,
        00038 | EmitRaw("\n"),
        00039 | Jump(25),
        00040 | PopFrame,
        00041 | EmitRaw("\n\nConditional:\n")  [line 20],
        00042 | LoadConst(true)  [line 23],
        00043 | JumpIfFalse(46),
        00044 | LoadConst("was true"),
        00045 | StoreLocal("foo"),
        00046 | EmitRaw("\n"),
        00047 | Lookup("foo")  [line 24],
        00048 | Emit,
        00049 | EmitRaw("\n\nMultiline:\n"),
        00050 | LoadConst("\nhello\nworld")  [line 27],
        00051 | StoreLocal("multiline"),
        00052 | EmitRaw("\n")  [line 29],
        00053 | Lookup("multiline")  [line 30],
        00054 | Emit,
        00055 | EmitRaw("\n\nMultiline:\n"),
        00056 | LoadConst("hello\nworld")  [line 33],
        00057 | StoreLocal("multiline"),
        00058 | EmitRaw("\n")  [line 34],
        00059 | Lookup("multiline")  [line 35],
        00060 | Emit,
        00061 | EmitRaw("\n\nBlock:\n"),
        00062 | BeginCapture(Capture)  [line 38],
        00063 | EmitRaw("This is a "),
        00064 | Lookup("foo"),
        00065 | Emit,
        00066 | EndCapture,
        00067 | StoreLocal("var"),
        00068 | EmitRaw("\n["),
        00069 | Lookup("var")  [line 39],
        00070 | Emit,
        00071 | EmitRaw("]\n\nFilter block\n"),
        00072 | BeginCapture(Capture)  [line 42],
        00073 | EmitRaw("This is a "),
        00074 | Lookup("foo"),
        00075 | Emit,
        00076 | EndCapture,
        00077 | ApplyFilter("upper", 1, 0),
        00078 | StoreLocal("upper_var"),
        00079 | EmitRaw("\n["),
        00080 | Lookup("upper_var")  [line 43],
        00081 | Emit,
        00082 | EmitRaw("]\n\nSet with +\n"),
        00083 | LoadConst("hello")  [line 46],
        00084 | LoadConst("world"),
        00085 | Add,
        00086 | StoreLocal("set_plus"),
        00087 | EmitRaw("\n"),
        00088 | Lookup("set_plus")  [line 47],
        00089 | Emit,
    ],
    {},
)
