(
    [
        00000 | EmitRaw("{\n  \"hello\": \"Hällo Wörld\",\n  \"intrange\": [0, 1, 2, 3, 4, 5, 6, 7, 8, 9]\n}\n---\n")  [line 1],
        00001 | Lookup("hello")  [line 6],
        00002 | LoadConst(0),
        00003 | LoadConst(none),
        00004 | LoadConst(1),
        00005 | Slice,
        00006 | Emit,
        00007 | EmitRaw("\n"),
        00008 | Lookup("hello")  [line 7],
        00009 | LoadConst(1),
        00010 | LoadConst(none),
        00011 | LoadConst(1),
        00012 | Slice,
        00013 | Emit,
        00014 | EmitRaw("\n"),
        00015 | Lookup("hello")  [line 8],
        00016 | LoadConst(1),
        00017 | LoadConst(-1),
        00018 | LoadConst(1),
        00019 | Slice,
        00020 | Emit,
        00021 | EmitRaw("\n"),
        00022 | Lookup("hello")  [line 9],
        00023 | LoadConst(0),
        00024 | LoadConst(none),
        00025 | LoadConst(2),
        00026 | Slice,
        00027 | Emit,
        00028 | EmitRaw("\n"),
        00029 | Lookup("hello")  [line 10],
        00030 | LoadConst(2),
        00031 | LoadConst(10),
        00032 | LoadConst(1),
        00033 | Slice,
        00034 | Emit,
        00035 | EmitRaw("\n"),
        00036 | Lookup("hello")  [line 11],
        00037 | LoadConst(2),
        00038 | LoadConst(10),
        00039 | LoadConst(2),
        00040 | Slice,
        00041 | Emit,
        00042 | EmitRaw("\n"),
        00043 | Lookup("intrange")  [line 12],
        00044 | LoadConst(0),
        00045 | LoadConst(none),
        00046 | LoadConst(1),
        00047 | Slice,
        00048 | Emit,
        00049 | EmitRaw("\n"),
        00050 | Lookup("intrange")  [line 13],
        00051 | LoadConst(1),
        00052 | LoadConst(none),
        00053 | LoadConst(1),
        00054 | Slice,
        00055 | Emit,
        00056 | EmitRaw("\n"),
        00057 | Lookup("intrange")  [line 14],
        00058 | LoadConst(1),
        00059 | LoadConst(-1),
        00060 | LoadConst(1),
        00061 | Slice,
        00062 | Emit,
        00063 | EmitRaw("\n"),
        00064 | Lookup("intrange")  [line 15],
        00065 | LoadConst(0),
        00066 | LoadConst(none),
        00067 | LoadConst(2),
        00068 | Slice,
        00069 | Emit,
        00070 | EmitRaw("\n"),
        00071 | Lookup("intrange")  [line 16],
        00072 | LoadConst(2),
        00073 | LoadConst(10),
        00074 | LoadConst(1),
        00075 | Slice,
        00076 | Emit,
        00077 | EmitRaw("\n"),
        00078 | Lookup("intrange")  [line 17],
        00079 | LoadConst(2),
        00080 | LoadConst(10),
        00081 | LoadConst(2),
        00082 | Slice,
        00083 | Emit,
    ],
    {},
)
