(
    [
        00000 | EmitRaw("{\n  \"two\": 2,\n  \"two_dot_two\": 2.2,\n  \"seq\": [\n    1,\n    2,\n    3\n  ],\n  \"map\": {\n    \"foo\": \"bar\"\n  },\n  \"string\": \"aha\"\n}\n---\neven: ")  [line 1],
        00001 | Lookup("two")  [line 15],
        00002 | PerformTest("even", 1, 0),
        00003 | Emit,
        00004 | EmitRaw("\nodd: "),
        00005 | Lookup("two")  [line 16],
        00006 | PerformTest("odd", 1, 1),
        00007 | Emit,
        00008 | EmitRaw("\nundefined: "),
        00009 | Lookup("two")  [line 17],
        00010 | PerformTest("undefined", 1, 2),
        00011 | Emit,
        00012 | EmitRaw("\ndefined: "),
        00013 | Lookup("two")  [line 18],
        00014 | PerformTest("defined", 1, 3),
        00015 | Emit,
        00016 | EmitRaw("\nundefined2: "),
        00017 | Lookup("ohwell")  [line 19],
        00018 | PerformTest("undefined", 1, 2),
        00019 | Emit,
        00020 | EmitRaw("\ndefined2: "),
        00021 | Lookup("ohwell")  [line 20],
        00022 | PerformTest("defined", 1, 3),
        00023 | Emit,
        00024 | EmitRaw("\nnone: "),
        00025 | LoadConst(none)  [line 21],
        00026 | PerformTest("none", 1, 4),
        00027 | Emit,
        00028 | EmitRaw("\nnot-none: "),
        00029 | LoadConst(42)  [line 22],
        00030 | PerformTest("none", 1, 4),
        00031 | Not,
        00032 | Emit,
        00033 | EmitRaw("\nnumber-int: "),
        00034 | Lookup("two")  [line 23],
        00035 | PerformTest("number", 1, 5),
        00036 | Emit,
        00037 | EmitRaw("\nnumber-float: "),
        00038 | Lookup("two_dot_two")  [line 24],
        00039 | PerformTest("number", 1, 5),
        00040 | Emit,
        00041 | EmitRaw("\nnot-seq: "),
        00042 | Lookup("two")  [line 25],
        00043 | PerformTest("sequence", 1, 6),
        00044 | Emit,
        00045 | EmitRaw("\nseq: "),
        00046 | Lookup("seq")  [line 26],
        00047 | PerformTest("sequence", 1, 6),
        00048 | Emit,
        00049 | EmitRaw("\nnot-map: "),
        00050 | Lookup("two")  [line 27],
        00051 | PerformTest("mapping", 1, 7),
        00052 | Emit,
        00053 | EmitRaw("\nmap: "),
        00054 | Lookup("map")  [line 28],
        00055 | PerformTest("mapping", 1, 7),
        00056 | Emit,
        00057 | EmitRaw("\nstring: "),
        00058 | Lookup("string")  [line 29],
        00059 | PerformTest("string", 1, 8),
        00060 | Emit,
        00061 | EmitRaw("\nnot-string: "),
        00062 | Lookup("mapping")  [line 30],
        00063 | PerformTest("string", 1, 8),
        00064 | Emit,
        00065 | EmitRaw("\nstarts-with-a: "),
        00066 | Lookup("string")  [line 31],
        00067 | LoadConst("a"),
        00068 | PerformTest("startingwith", 2, 9),
        00069 | Emit,
        00070 | EmitRaw("\nends-with-ha: "),
        00071 | Lookup("string")  [line 32],
        00072 | LoadConst("ha"),
        00073 | PerformTest("endingwith", 2, 10),
        00074 | Emit,
        00075 | EmitRaw("\nnot-safe: "),
        00076 | LoadConst("foo")  [line 33],
        00077 | PerformTest("safe", 1, 11),
        00078 | Emit,
        00079 | EmitRaw("\nsafe: "),
        00080 | LoadConst("foo")  [line 34],
        00081 | ApplyFilter("escape", 1, 0),
        00082 | PerformTest("safe", 1, 11),
        00083 | Emit,
        00084 | EmitRaw("\nis-true: "),
        00085 | LoadConst(true)  [line 35],
        00086 | PerformTest("true", 1, 12),
        00087 | Emit,
        00088 | EmitRaw(" | "),
        00089 | LoadConst(42),
        00090 | PerformTest("true", 1, 12),
        00091 | Emit,
        00092 | EmitRaw("\nis-false: "),
        00093 | LoadConst(false)  [line 36],
        00094 | PerformTest("false", 1, 13),
        00095 | Emit,
        00096 | EmitRaw(" | "),
        00097 | LoadConst(0),
        00098 | PerformTest("false", 1, 13),
        00099 | Emit,
        00100 | EmitRaw("\nis-filter: "),
        00101 | LoadConst("escape")  [line 37],
        00102 | PerformTest("filter", 1, 14),
        00103 | Emit,
        00104 | EmitRaw(" | "),
        00105 | LoadConst("unknown-filter"),
        00106 | PerformTest("filter", 1, 14),
        00107 | Emit,
        00108 | EmitRaw("\nis-test: "),
        00109 | LoadConst("safe")  [line 38],
        00110 | PerformTest("test", 1, 15),
        00111 | Emit,
        00112 | EmitRaw(" | "),
        00113 | LoadConst("unknown-test"),
        00114 | PerformTest("test", 1, 15),
        00115 | Emit,
    ],
    {},
)
