(
    [
        00000 | EmitRaw("{\n  \"foo\": 42,\n  \"bar\": 23,\n  \"other\": 11,\n  \"tuple\": [\n    1,\n    2,\n    [\n      3\n    ]\n  ],\n  \"tuple2\": [\n    [\n      1\n    ],\n    2,\n    3\n  ]\n}\n---\n")  [line 1],
        00001 | PushWith  [line 21],
        00002 | Lookup("foo"),
        00003 | StoreLocal("a"),
        00004 | Lookup("bar"),
        00005 | StoreLocal("b"),
        00006 | EmitRaw("\n  "),
        00007 | Lookup("a")  [line 22],
        00008 | Emit,
        00009 | EmitRaw("|"),
        00010 | Lookup("b"),
        00011 | Emit,
        00012 | EmitRaw("|"),
        00013 | Lookup("other"),
        00014 | Emit,
        00015 | EmitRaw("\n"),
        00016 | PopFrame,
        00017 | EmitRaw("\n\n")  [line 23],
        00018 | PushWith  [line 25],
        00019 | Lookup("tuple"),
        00020 | UnpackList(3),
        00021 | StoreLocal("a"),
        00022 | StoreLocal("b"),
        00023 | UnpackList(1),
        00024 | StoreLocal("c"),
        00025 | EmitRaw("\n  "),
        00026 | Lookup("a")  [line 26],
        00027 | Emit,
        00028 | EmitRaw("|"),
        00029 | Lookup("b"),
        00030 | Emit,
        00031 | EmitRaw("|"),
        00032 | Lookup("c"),
        00033 | Emit,
        00034 | EmitRaw("\n"),
        00035 | PopFrame,
        00036 | EmitRaw("\n\n")  [line 27],
        00037 | PushWith  [line 29],
        00038 | Lookup("tuple2"),
        00039 | UnpackList(3),
        00040 | UnpackList(1),
        00041 | StoreLocal("a"),
        00042 | StoreLocal("b"),
        00043 | StoreLocal("c"),
        00044 | EmitRaw("\n  "),
        00045 | Lookup("a")  [line 30],
        00046 | Emit,
        00047 | EmitRaw("|"),
        00048 | Lookup("b"),
        00049 | Emit,
        00050 | EmitRaw("|"),
        00051 | Lookup("c"),
        00052 | Emit,
        00053 | EmitRaw("\n"),
        00054 | PopFrame,
    ],
    {},
)
