TemplateData("\n")
  "\n"
VariableStart
  "{{"
Ident("foo")
  "foo"
Dot
  "."
Ident("bar")
  "bar"
BracketOpen
  "["
Ident("baz")
  "baz"
BracketClose
  "]"
Dot
  "."
Ident("blah")
  "blah"
VariableEnd
  "}}"
TemplateData("\n")
  "\n"
VariableStart
  "{{"
BraceOpen
  "{"
Str("foo")
  "\"foo\""
Colon
  ":"
Str("bar")
  "\"bar\""
BraceClose
  "}"
Dot
  "."
Ident("test")
  "test"
VariableEnd
  "}}"
TemplateData("\n")
  "\n"
VariableStart
  "{{"
BracketOpen
  "["
Int(1)
  "1"
Comma
  ","
Int(2)
  "2"
Comma
  ","
Int(3)
  "3"
BracketClose
  "]"
Dot
  "."
Ident("test")
  "test"
VariableEnd
  "}}"
